# app-review-self-consumer

status: converted
definitions: 5
variant groups: 0
useTheme: src/services/app-review.tsx (1 sites)
useTheme: src/views/(tabs)/Messages/index.tsx (1 sites)

--- src/services/app-review.tsx ---

import { StyleSheet, withUnistyles, useUnistyles } from "react-native-unistyles";
import { useEffect } from "react";
import * as React from "react";
import { KeyboardAvoidingView, Platform, View } from "react-native";

import * as StoreReview from "expo-store-review";

import { useTranslation } from "react-i18next";
import { magicModal, useMagicModal } from "react-native-magic-modal";
import { magicToast } from "react-native-magic-toast";
import { Button } from "@/components/Button";
import { Input } from "@/components/Input";
import { Text } from "@/components/text";
import { getTrcpContext } from "@/contexts/trcp-context";
import { analytics } from "@/services/analytics";
import { sendError } from "@/services/error-tracking";
import { getData, StorageKeys, storeData } from "@/services/storage";

const handleReview = async () => {
  try {
    analytics.track({ event_type: "App Review" });
    await StoreReview.requestReview();
    await storeData(StorageKeys.AppReviewStatus, "completed");
  } catch (error) {
    sendError(error);
  }
};

const NotLikingTheAppModal: React.FC = () => {
  const [feedback, setFeedback] = React.useState("");
  const { t } = useTranslation();
  const { theme } = useUnistyles();
  const { hide } = useMagicModal();

  const handleSend = () => {
    analytics.track({
      event_type: "Manual Feedback",
      event_properties: { feedback },
    });

    hide();

    magicToast.success(t("appReview.notLikingTheAppModal.success"));
  };

  return (
    <KeyboardAvoidingView
      behavior={Platform.OS === "ios" ? "padding" : undefined}
    >
      <View style={styles.container}>
        <Title style={styles.title} fontSize="lg" fontWeight="bold">{t("appReview.notLikingTheAppModal.title")}</Title>
        <CenterText style={[styles.centerText, { marginBottom: theme.spacing[1] }]}>
          {t("appReview.notLikingTheAppModal.description")}
        </CenterText>
        <Input
          value={feedback}
          onChangeText={setFeedback}
          autoFocus
          onSubmitEditing={handleSend}
          enablesReturnKeyAutomatically
          returnKeyType="send"
          placeholder={t("appReview.notLikingTheAppModal.placeholder")}
        />
        <View style={styles.buttonRow}>
          <SmallButton onPress={handleSend} style={styles.smallButton}>
            {t("appReview.notLikingTheAppModal.send")}
          </SmallButton>
        </View>
      </View>
    </KeyboardAvoidingView>
  );
};

const AreYouLikingTheAppModal: React.FC = () => {
  const { t } = useTranslation();
  const { hide } = useMagicModal();

  useEffect(() => {
    analytics.track({ event_type: "App Review Request" });
  }, []);

  const openReviewModal = () => {
    analytics.track({
      event_type: "Feedback",
      event_properties: { feedback: "liking_the_app" },
    });

    hide();

    void handleReview();
  };

  const openNotLikingTheAppModal = () => {
    analytics.track({
      event_type: "Feedback",
      event_properties: { feedback: "not_liking_the_app" },
    });

    hide();

    magicModal.show(() => <NotLikingTheAppModal />, {
      style: {
        justifyContent: "flex-end",
      },
    });
  };

  return (
    <View style={styles.container}>
      <Title style={styles.title} fontSize="lg" fontWeight="bold">{t("appReview.areYouLikingTheAppModal.title")}</Title>
      <CenterText style={styles.centerText}>
        {t("appReview.areYouLikingTheAppModal.description")}
      </CenterText>
      <View style={styles.buttonRow}>
        <SmallButton onPress={openNotLikingTheAppModal} variant="outline" style={styles.smallButton}>
          {t("appReview.areYouLikingTheAppModal.no")}
        </SmallButton>
        <SmallButton onPress={openReviewModal} style={styles.smallButton}>
          {t("appReview.areYouLikingTheAppModal.yes")}
        </SmallButton>
      </View>
    </View>
  );
};

const isOlderThanAMonth = (date: string) =>
  new Date(date) < new Date(new Date().setMonth(new Date().getMonth() - 1));

export const handleRequestAppReview = async () => {
  const appReviewStatus = await getData(StorageKeys.AppReviewStatus);

  // The user has already reviewed the app
  if (appReviewStatus === "completed") return;

  const lastRequestedDate = await getData(StorageKeys.AppReviewRequestDate);

  // We have already asked for a review recently
  if (lastRequestedDate && !isOlderThanAMonth(lastRequestedDate)) return;

  await storeData(StorageKeys.AppReviewRequestDate, new Date().toISOString());

  // Prevent asking for a review in test accounts
  const dog = await getTrcpContext().client.myDog.get.query();
  const isTestAccount = dog?.user.email.endsWith("@test.com");
  if (isTestAccount) return storeData(StorageKeys.AppReviewStatus, "completed");

  // Finally, we ask for a review
  magicModal.show(() => <AreYouLikingTheAppModal />);
};

const styles = StyleSheet.create((theme) => ({
  container: {
    paddingTop: theme.spacing[5],
    paddingRight: theme.spacing[5],
    paddingBottom: theme.spacing[5],
    paddingLeft: theme.spacing[5],
    marginTop: theme.spacing[4],
    marginRight: theme.spacing[4],
    marginBottom: theme.spacing[4],
    marginLeft: theme.spacing[4],
    backgroundColor: theme.colors.background,
    borderTopLeftRadius: theme.radii.lg,
    borderTopRightRadius: theme.radii.lg,
    borderBottomRightRadius: theme.radii.lg,
    borderBottomLeftRadius: theme.radii.lg,
    alignSelf: "center",
    maxWidth: 300,
    width: "100%",
    borderWidth: theme.stroke.sm,
    borderColor: theme.colors.border,
  },
  smallButton: {
    paddingTop: 0,
    paddingBottom: 0,
    height: theme.spacing[12],
    flexGrow: 1,
    flexShrink: 1,
    flexBasis: 0,
  },
  centerText: {
    textAlign: "center",
  },
  buttonRow: {
    flexDirection: "row",
    gap: theme.spacing[2],
    marginTop: theme.spacing[5],
  },
  title: {
    textAlign: "center",
    marginBottom: theme.spacing[1],
  },
}));

const SmallButton = withUnistyles(Button);

const CenterText = Text;

const Title = Text;

--- src/views/(tabs)/Messages/index.tsx ---

import type { RouterOutputs } from "@/contexts/trpc-provider";

import { useEffect, useRef, useState } from "react";
import { FlatList, Platform, View } from "react-native";

import { usePathname } from "expo-router";

import { useScrollToTop } from "@react-navigation/native";
import { useTranslation } from "react-i18next";
import Divider from "@/components/divider";
import { NetworkBoundary } from "@/components/NetworkBoundary";
import { Text } from "@/components/text";
import { getTrcpContext } from "@/contexts/trcp-context";
import { api } from "@/contexts/trpc-provider";
import { handleRequestAppReview } from "@/services/app-review";
import { sendError } from "@/services/error-tracking";
import { SceneName } from "@/types/scene-name";
import { Header } from "@/views/(tabs)/Messages/components/Header";
import { Message } from "@/views/(tabs)/Messages/components/Message";

import { EmptyMessages } from "./components/empty-messages";
import { SearchBar } from "./components/SearchBar";
import { Container, DividerContainer, Title } from "./styles";
import { useUnistyles } from "react-native-unistyles";

export type Match = RouterOutputs["match"]["getAll"][number];

const MemoizedDivider = () => (
  <DividerContainer>
    <Divider />
  </DividerContainer>
);

const getKeyMemoized = (item: Match) => `${item.id}_message`;

const Messages = () => {
  const pathname = usePathname();
  const { t } = useTranslation();

  const scrollRef = useRef<FlatList<Match>>(null);
  useScrollToTop(scrollRef);

  const [matches] = api.match.getAll.useSuspenseQuery(undefined, {
    refetchInterval: pathname === SceneName.Messages ? 5000 : false,
  });

  useEffect(() => {
    if (matches.length > 0) {
      // If the user has matches, we request the app review
      handleRequestAppReview().catch(sendError);
    }

    for (const { dog } of matches) {
      getTrcpContext().dog.get.setData({ id: dog.id }, dog);
    }
  }, [matches]);

  const [search, setSearch] = useState("");

  const data = (() => {
    const getFiltered = () => {
      if (!search) return matches;

      return matches.filter((match) => {
        const { dog } = match;
        return dog.name.toLowerCase().includes(search.toLowerCase());
      });
    };

    const filteredMatches = getFiltered();

    if (filteredMatches.length === 0) return [];

    // Most recent messages come first. Sort a copy: with no search term
    // getFiltered hands back the query's own array, and sorting in place
    // reorders the cached data under everything else reading it.
    const sortedMatches = [...filteredMatches].sort((a, b) => {
      if (!a.lastMessage) return 1;
      if (!b.lastMessage) return -1;

      if (a.lastMessage?.createdAt < b.lastMessage?.createdAt) return 1;
      if (a.lastMessage?.createdAt > b.lastMessage?.createdAt) return -1;
      return 0;
    });

    return sortedMatches;
  })();

  const { theme } = useUnistyles();

  // useCallback makes the header images re-render and flicker
  // useMemo is the right hook for this case, solving the issue
  const MemoizedHeader = (
    <>
      <View
        style={{
          marginTop: theme.spacing[2],
          gap: theme.spacing[3],
          borderBottomWidth: theme.stroke.sm,
          borderColor: theme.colors.border,
          paddingBottom: theme.spacing[4],
        }}
      >
        <Title>
          <Text fontWeight="bold">{t("matches.matchedDogs")}</Text>
        </Title>
        <Header matches={data} />
      </View>
      <View
        style={{
          marginTop: theme.spacing[3],
          marginBottom: theme.spacing[1],
        }}
      >
        <Title>
          <Text fontWeight="bold">{t("matches.messages")}</Text>
        </Title>
      </View>
    </>
  );

  const MemoizedEmptyMessages = (
    <EmptyMessages search={search} setSearch={setSearch} />
  );

  // Grow the container only when the list is empty, so the empty state fills
  // the screen. Doing it unconditionally breaks the populated list's layout.
  const emptyListGrow = data?.length ? undefined : 1;

  return (
    <Container
      testID="messages-screen"
      behavior={Platform.OS === "ios" ? "padding" : undefined}
    >
      {Boolean(matches?.length) && (
        <SearchBar value={search} onChangeText={setSearch} />
      )}
      <FlatList
        keyboardShouldPersistTaps="handled"
        data={data}
        ref={scrollRef}
        keyExtractor={getKeyMemoized}
        ListHeaderComponent={data?.length ? MemoizedHeader : undefined}
        ItemSeparatorComponent={MemoizedDivider}
        renderItem={({ item }) => {
          return <Message item={item} />;
        }}
        ListEmptyComponent={MemoizedEmptyMessages}
        style={{
          borderBottomWidth: theme.stroke.sm,
          borderColor: theme.colors.border,
        }}
        contentContainerStyle={{
          paddingBottom: theme.spacing[4],
          paddingTop: theme.spacing[1],
          flexGrow: emptyListGrow,
        }}
      />
    </Container>
  );
};

const MessagesScreen = () => {
  return (
    <NetworkBoundary>
      <Messages />
    </NetworkBoundary>
  );
};

export default MessagesScreen;
