# messages-message-attrs

status: converted
definitions: 3
variant groups: 0

--- src/views/(tabs)/Messages/components/Message/index.tsx ---

import type { Match } from "../..";

import * as React from "react";
import { View } from "react-native";

import { useRouter } from "expo-router";

import { useTranslation } from "react-i18next";

import { Fill } from "@/components/layout";
import { ThinkingEmoji } from "@/components/MatchActionBar/styles";
import { Text } from "@/components/text";
import { SceneName } from "@/types/scene-name";
import { Swipe } from "@/views/(tabs)/Swipe/components/SwipeHandler/hooks/use-swipe-gesture";

import { Container, emojiSize, Picture, styles } from "./styles";

const getEmojiBySwipeType = (swipeType?: Swipe) => {
  switch (swipeType) {
    case Swipe.Maybe:
      return ThinkingEmoji;
    default:
      return null;
  }
};

type MessageProps = {
  item: Match;
};

export const Message: React.FC<MessageProps> = ({ item }) => {
  const router = useRouter();
  const { t } = useTranslation();

  const Emoji = getEmojiBySwipeType(
    // TODO: Return this when we get swipeType back
    undefined, // item.interest?.swipeType
  );

  return (
    <Container
      testID="messages-chat-row"
      onPress={() =>
        router.push({
          pathname: `${SceneName.Chat}/[matchId]`,
          params: { dogId: item.dog.id, matchId: item.id },
        })
      } style={styles.container} accessible
    >
      <View>
        <Picture
          source={{
            uri: item.dog.images[0]?.url,
            blurhash: item.dog.images[0]?.blurhash ?? undefined,
          }} style={styles.picture}
        />
        {Emoji ? (
          <View style={styles.emojiContainer}>
            <Emoji style={emojiSize} />
          </View>
        ) : null}
      </View>
      <Fill>
        <Text fontWeight="semibold" numberOfLines={1}>
          {item.dog.name}
        </Text>
        <Text fontSize="xs" numberOfLines={2}>
          {item.lastMessage?.content ?? t("matches.sendFirstMessage")}
        </Text>
      </Fill>
    </Container>
  );
};

--- src/views/(tabs)/Messages/components/Message/styles.ts ---

import { StyleSheet as UnistylesStyleSheet, withUnistyles } from "react-native-unistyles";
import { StyleSheet } from "react-native";
import { Image } from "@/components/image";
import { PressableArea } from "@/components/pressable-area";

export const PICTURE_SIZE = 55;
/**
 * The emoji component is picked at runtime (or is null), so it cannot be a
 * styled component — a sheet entry is the only way to keep the size out of JSX.
 */
export const { emojiSize } = StyleSheet.create({
  emojiSize: { width: 15, height: 15 },
});

export const styles = UnistylesStyleSheet.create((theme) => ({
  container: {
    paddingTop: theme.spacing[4],
    paddingRight: theme.spacing[4],
    paddingBottom: theme.spacing[4],
    paddingLeft: theme.spacing[4],
    flexDirection: "row",
    alignItems: "center",
  },
  picture: {
    width: PICTURE_SIZE,
    height: PICTURE_SIZE,
    borderTopLeftRadius: theme.radii.round,
    borderTopRightRadius: theme.radii.round,
    borderBottomRightRadius: theme.radii.round,
    borderBottomLeftRadius: theme.radii.round,
    marginRight: theme.spacing[3.5],
    backgroundColor: theme.colors.card,
  },
  emojiContainer: {
    position: "absolute",
    bottom: -(theme.spacing[1]),
    right: theme.spacing[1],
    backgroundColor: theme.colors.background,
    borderTopLeftRadius: theme.radii.round,
    borderTopRightRadius: theme.radii.round,
    borderBottomRightRadius: theme.radii.round,
    borderBottomLeftRadius: theme.radii.round,
    paddingTop: theme.spacing[1],
    paddingRight: theme.spacing[1],
    paddingBottom: theme.spacing[1],
    paddingLeft: theme.spacing[1],
    borderWidth: theme.stroke.md,
    borderColor: theme.colors.border,
  },
}));

export const Container = withUnistyles(PressableArea);

export const Picture = withUnistyles(Image);

--- src/views/(tabs)/Messages/styles.ts ---

import styled from "styled-components/native";

import { Text } from "@/components/text";

import { PICTURE_SIZE } from "./components/Message/styles";

export const Container = styled.KeyboardAvoidingView`
  background-color: ${(props) => props.theme.colors.background};
  flex: 1;
`;

export const Title = styled.View`
  padding: 0 ${(props) => props.theme.spacing[4]}px;
`;

export const SectionSeparator = styled.View`
  height: ${(props) => props.theme.spacing[2.5]}px;
  background-color: ${(props) => props.theme.colors.card};
`;

export const DividerContainer = styled.View`
  margin-right: ${(props) => props.theme.spacing[4]}px;
  margin-left: ${(props) => props.theme.spacing[4] * 2 + PICTURE_SIZE}px;
`;

export const EmptyRoot = styled.View`
  align-items: center;
  justify-content: center;
  flex-grow: 1;
  padding-horizontal: ${({ theme }) => theme.spacing[12]}px;
  padding-bottom: ${({ theme }) => theme.spacing[12]}px;
`;

export const EmptyTitle = styled(Text)`
  margin-top: 12px;
  margin-bottom: 10px;
  text-align: center;
`;

export const EmptyDescription = styled(Text)`
  letter-spacing: 0.5px;
  text-align: center;
  margin-bottom: 30px;
`;
